[2025-03-10 19:42:47] local.ERROR: Invalid key supplied {"exception":"[object] (LogicException(code: 0): Invalid key supplied at C:\\laragon\\www\\designingsolutions\\dsSalud\\back\\vendor\\league\\oauth2-server\\src\\CryptKey.php:67)
[stacktrace]
#0 C:\\laragon\\www\\designingsolutions\\dsSalud\\back\\vendor\\laravel\\passport\\src\\PassportServiceProvider.php(325): League\\OAuth2\\Server\\CryptKey->__construct('file://public\\\\o...', NULL, false)
#1 C:\\laragon\\www\\designingsolutions\\dsSalud\\back\\vendor\\laravel\\passport\\src\\PassportServiceProvider.php(306): Laravel\\Passport\\PassportServiceProvider->makeCryptKey('public')
#2 C:\\laragon\\www\\designingsolutions\\dsSalud\\back\\vendor\\laravel\\framework\\src\\Illuminate\\Container\\Container.php(952): Laravel\\Passport\\PassportServiceProvider->Laravel\\Passport\\{closure}(Object(Illuminate\\Foundation\\Application), Array)
#3 C:\\laragon\\www\\designingsolutions\\dsSalud\\back\\vendor\\laravel\\framework\\src\\Illuminate\\Container\\Container.php(832): Illuminate\\Container\\Container->build(Object(Closure))
#4 C:\\laragon\\www\\designingsolutions\\dsSalud\\back\\vendor\\laravel\\framework\\src\\Illuminate\\Foundation\\Application.php(1078): Illuminate\\Container\\Container->resolve('League\\\\OAuth2\\\\S...', Array, true)
#5 C:\\laragon\\www\\designingsolutions\\dsSalud\\back\\vendor\\laravel\\framework\\src\\Illuminate\\Container\\Container.php(763): Illuminate\\Foundation\\Application->resolve('League\\\\OAuth2\\\\S...', Array)
#6 C:\\laragon\\www\\designingsolutions\\dsSalud\\back\\vendor\\laravel\\framework\\src\\Illuminate\\Foundation\\Application.php(1058): Illuminate\\Container\\Container->make('League\\\\OAuth2\\\\S...', Array)
#7 C:\\laragon\\www\\designingsolutions\\dsSalud\\back\\vendor\\laravel\\passport\\src\\PassportServiceProvider.php(353): Illuminate\\Foundation\\Application->make('League\\\\OAuth2\\\\S...')
#8 C:\\laragon\\www\\designingsolutions\\dsSalud\\back\\vendor\\laravel\\passport\\src\\PassportServiceProvider.php(337): Laravel\\Passport\\PassportServiceProvider->makeGuard(Array)
#9 C:\\laragon\\www\\designingsolutions\\dsSalud\\back\\vendor\\laravel\\framework\\src\\Illuminate\\Auth\\AuthManager.php(113): Laravel\\Passport\\PassportServiceProvider->Laravel\\Passport\\{closure}(Object(Illuminate\\Foundation\\Application), 'api', Array)
#10 C:\\laragon\\www\\designingsolutions\\dsSalud\\back\\vendor\\laravel\\framework\\src\\Illuminate\\Auth\\AuthManager.php(90): Illuminate\\Auth\\AuthManager->callCustomCreator('api', Array)
#11 C:\\laragon\\www\\designingsolutions\\dsSalud\\back\\vendor\\laravel\\framework\\src\\Illuminate\\Auth\\AuthManager.php(70): Illuminate\\Auth\\AuthManager->resolve('api')
#12 C:\\laragon\\www\\designingsolutions\\dsSalud\\back\\vendor\\laravel\\framework\\src\\Illuminate\\Auth\\Middleware\\Authenticate.php(83): Illuminate\\Auth\\AuthManager->guard('api')
#13 C:\\laragon\\www\\designingsolutions\\dsSalud\\back\\vendor\\laravel\\framework\\src\\Illuminate\\Auth\\Middleware\\Authenticate.php(62): Illuminate\\Auth\\Middleware\\Authenticate->authenticate(Object(Illuminate\\Http\\Request), Array)
#14 C:\\laragon\\www\\designingsolutions\\dsSalud\\back\\vendor\\laravel\\framework\\src\\Illuminate\\Pipeline\\Pipeline.php(209): Illuminate\\Auth\\Middleware\\Authenticate->handle(Object(Illuminate\\Http\\Request), Object(Closure), 'api')
#15 C:\\laragon\\www\\designingsolutions\\dsSalud\\back\\vendor\\stancl\\tenancy\\src\\Features\\UniversalRoutes.php(28): Illuminate\\Pipeline\\Pipeline->Illuminate\\Pipeline\\{closure}(Object(Illuminate\\Http\\Request))
#16 C:\\laragon\\www\\designingsolutions\\dsSalud\\back\\vendor\\stancl\\tenancy\\src\\Middleware\\IdentificationMiddleware.php(33): Stancl\\Tenancy\\Features\\UniversalRoutes->Stancl\\Tenancy\\Features\\{closure}(Object(Stancl\\Tenancy\\Exceptions\\TenantCouldNotBeIdentifiedOnDomainException), Object(Illuminate\\Http\\Request), Object(Closure))
#17 C:\\laragon\\www\\designingsolutions\\dsSalud\\back\\vendor\\stancl\\tenancy\\src\\Middleware\\InitializeTenancyByDomain.php(37): Stancl\\Tenancy\\Middleware\\IdentificationMiddleware->initializeTenancy(Object(Illuminate\\Http\\Request), Object(Closure), 'localhost')
#18 C:\\laragon\\www\\designingsolutions\\dsSalud\\back\\vendor\\laravel\\framework\\src\\Illuminate\\Pipeline\\Pipeline.php(209): Stancl\\Tenancy\\Middleware\\InitializeTenancyByDomain->handle(Object(Illuminate\\Http\\Request), Object(Closure))
#19 C:\\laragon\\www\\designingsolutions\\dsSalud\\back\\vendor\\laravel\\framework\\src\\Illuminate\\Pipeline\\Pipeline.php(127): Illuminate\\Pipeline\\Pipeline->Illuminate\\Pipeline\\{closure}(Object(Illuminate\\Http\\Request))
#20 C:\\laragon\\www\\designingsolutions\\dsSalud\\back\\vendor\\laravel\\framework\\src\\Illuminate\\Routing\\Router.php(807): Illuminate\\Pipeline\\Pipeline->then(Object(Closure))
#21 C:\\laragon\\www\\designingsolutions\\dsSalud\\back\\vendor\\laravel\\framework\\src\\Illuminate\\Routing\\Router.php(786): Illuminate\\Routing\\Router->runRouteWithinStack(Object(Illuminate\\Routing\\Route), Object(Illuminate\\Http\\Request))
#22 C:\\laragon\\www\\designingsolutions\\dsSalud\\back\\vendor\\laravel\\framework\\src\\Illuminate\\Routing\\Router.php(750): Illuminate\\Routing\\Router->runRoute(Object(Illuminate\\Http\\Request), Object(Illuminate\\Routing\\Route))
#23 C:\\laragon\\www\\designingsolutions\\dsSalud\\back\\vendor\\laravel\\framework\\src\\Illuminate\\Routing\\Router.php(739): Illuminate\\Routing\\Router->dispatchToRoute(Object(Illuminate\\Http\\Request))
#24 C:\\laragon\\www\\designingsolutions\\dsSalud\\back\\vendor\\laravel\\framework\\src\\Illuminate\\Foundation\\Http\\Kernel.php(201): Illuminate\\Routing\\Router->dispatch(Object(Illuminate\\Http\\Request))
#25 C:\\laragon\\www\\designingsolutions\\dsSalud\\back\\vendor\\laravel\\framework\\src\\Illuminate\\Pipeline\\Pipeline.php(170): Illuminate\\Foundation\\Http\\Kernel->Illuminate\\Foundation\\Http\\{closure}(Object(Illuminate\\Http\\Request))
#26 C:\\laragon\\www\\designingsolutions\\dsSalud\\back\\vendor\\laravel\\framework\\src\\Illuminate\\Foundation\\Http\\Middleware\\TransformsRequest.php(21): Illuminate\\Pipeline\\Pipeline->Illuminate\\Pipeline\\{closure}(Object(Illuminate\\Http\\Request))
#27 C:\\laragon\\www\\designingsolutions\\dsSalud\\back\\vendor\\laravel\\framework\\src\\Illuminate\\Foundation\\Http\\Middleware\\ConvertEmptyStringsToNull.php(31): Illuminate\\Foundation\\Http\\Middleware\\TransformsRequest->handle(Object(Illuminate\\Http\\Request), Object(Closure))
#28 C:\\laragon\\www\\designingsolutions\\dsSalud\\back\\vendor\\laravel\\framework\\src\\Illuminate\\Pipeline\\Pipeline.php(209): Illuminate\\Foundation\\Http\\Middleware\\ConvertEmptyStringsToNull->handle(Object(Illuminate\\Http\\Request), Object(Closure))
#29 C:\\laragon\\www\\designingsolutions\\dsSalud\\back\\vendor\\laravel\\framework\\src\\Illuminate\\Foundation\\Http\\Middleware\\TransformsRequest.php(21): Illuminate\\Pipeline\\Pipeline->Illuminate\\Pipeline\\{closure}(Object(Illuminate\\Http\\Request))
#30 C:\\laragon\\www\\designingsolutions\\dsSalud\\back\\vendor\\laravel\\framework\\src\\Illuminate\\Foundation\\Http\\Middleware\\TrimStrings.php(51): Illuminate\\Foundation\\Http\\Middleware\\TransformsRequest->handle(Object(Illuminate\\Http\\Request), Object(Closure))
#31 C:\\laragon\\www\\designingsolutions\\dsSalud\\back\\vendor\\laravel\\framework\\src\\Illuminate\\Pipeline\\Pipeline.php(209): Illuminate\\Foundation\\Http\\Middleware\\TrimStrings->handle(Object(Illuminate\\Http\\Request), Object(Closure))
#32 C:\\laragon\\www\\designingsolutions\\dsSalud\\back\\vendor\\laravel\\framework\\src\\Illuminate\\Http\\Middleware\\ValidatePostSize.php(27): Illuminate\\Pipeline\\Pipeline->Illuminate\\Pipeline\\{closure}(Object(Illuminate\\Http\\Request))
#33 C:\\laragon\\www\\designingsolutions\\dsSalud\\back\\vendor\\laravel\\framework\\src\\Illuminate\\Pipeline\\Pipeline.php(209): Illuminate\\Http\\Middleware\\ValidatePostSize->handle(Object(Illuminate\\Http\\Request), Object(Closure))
#34 C:\\laragon\\www\\designingsolutions\\dsSalud\\back\\vendor\\laravel\\framework\\src\\Illuminate\\Foundation\\Http\\Middleware\\PreventRequestsDuringMaintenance.php(110): Illuminate\\Pipeline\\Pipeline->Illuminate\\Pipeline\\{closure}(Object(Illuminate\\Http\\Request))
#35 C:\\laragon\\www\\designingsolutions\\dsSalud\\back\\vendor\\laravel\\framework\\src\\Illuminate\\Pipeline\\Pipeline.php(209): Illuminate\\Foundation\\Http\\Middleware\\PreventRequestsDuringMaintenance->handle(Object(Illuminate\\Http\\Request), Object(Closure))
#36 C:\\laragon\\www\\designingsolutions\\dsSalud\\back\\vendor\\laravel\\framework\\src\\Illuminate\\Http\\Middleware\\HandleCors.php(62): Illuminate\\Pipeline\\Pipeline->Illuminate\\Pipeline\\{closure}(Object(Illuminate\\Http\\Request))
#37 C:\\laragon\\www\\designingsolutions\\dsSalud\\back\\vendor\\laravel\\framework\\src\\Illuminate\\Pipeline\\Pipeline.php(209): Illuminate\\Http\\Middleware\\HandleCors->handle(Object(Illuminate\\Http\\Request), Object(Closure))
#38 C:\\laragon\\www\\designingsolutions\\dsSalud\\back\\vendor\\laravel\\framework\\src\\Illuminate\\Http\\Middleware\\TrustProxies.php(58): Illuminate\\Pipeline\\Pipeline->Illuminate\\Pipeline\\{closure}(Object(Illuminate\\Http\\Request))
#39 C:\\laragon\\www\\designingsolutions\\dsSalud\\back\\vendor\\laravel\\framework\\src\\Illuminate\\Pipeline\\Pipeline.php(209): Illuminate\\Http\\Middleware\\TrustProxies->handle(Object(Illuminate\\Http\\Request), Object(Closure))
#40 C:\\laragon\\www\\designingsolutions\\dsSalud\\back\\vendor\\laravel\\framework\\src\\Illuminate\\Foundation\\Http\\Middleware\\InvokeDeferredCallbacks.php(22): Illuminate\\Pipeline\\Pipeline->Illuminate\\Pipeline\\{closure}(Object(Illuminate\\Http\\Request))
#41 C:\\laragon\\www\\designingsolutions\\dsSalud\\back\\vendor\\laravel\\framework\\src\\Illuminate\\Pipeline\\Pipeline.php(209): Illuminate\\Foundation\\Http\\Middleware\\InvokeDeferredCallbacks->handle(Object(Illuminate\\Http\\Request), Object(Closure))
#42 C:\\laragon\\www\\designingsolutions\\dsSalud\\back\\vendor\\laravel\\framework\\src\\Illuminate\\Pipeline\\Pipeline.php(127): Illuminate\\Pipeline\\Pipeline->Illuminate\\Pipeline\\{closure}(Object(Illuminate\\Http\\Request))
#43 C:\\laragon\\www\\designingsolutions\\dsSalud\\back\\vendor\\laravel\\framework\\src\\Illuminate\\Foundation\\Http\\Kernel.php(176): Illuminate\\Pipeline\\Pipeline->then(Object(Closure))
#44 C:\\laragon\\www\\designingsolutions\\dsSalud\\back\\vendor\\laravel\\framework\\src\\Illuminate\\Foundation\\Http\\Kernel.php(145): Illuminate\\Foundation\\Http\\Kernel->sendRequestThroughRouter(Object(Illuminate\\Http\\Request))
#45 C:\\laragon\\www\\designingsolutions\\dsSalud\\back\\vendor\\laravel\\framework\\src\\Illuminate\\Foundation\\Application.php(1220): Illuminate\\Foundation\\Http\\Kernel->handle(Object(Illuminate\\Http\\Request))
#46 C:\\laragon\\www\\designingsolutions\\dsSalud\\back\\public\\index.php(17): Illuminate\\Foundation\\Application->handleRequest(Object(Illuminate\\Http\\Request))
#47 C:\\laragon\\www\\designingsolutions\\dsSalud\\back\\vendor\\laravel\\framework\\src\\Illuminate\\Foundation\\resources\\server.php(23): require_once('C:\\\\laragon\\\\www\\\\...')
#48 {main}
"} 
